Windows PowerShell
Copyright (C) Microsoft Corporation. All rights reserved.

PS C:\Users\steve> cd "C:\wamp64\www\PHP-Projects"
PS C:\wamp64\www\PHP-Projects> cd .\UdemySymfony3\
PS C:\wamp64\www\PHP-Projects\UdemySymfony3> composer
   ______
  / ____/___  ____ ___  ____  ____  ________  _____
 / /   / __ \/ __ `__ \/ __ \/ __ \/ ___/ _ \/ ___/
/ /___/ /_/ / / / / / / /_/ / /_/ (__  )  __/ /
\____/\____/_/ /_/ /_/ .___/\____/____/\___/_/
                    /_/
Composer version 1.8.4 2019-02-11 10:52:10

Usage:
  command [options] [arguments]

Options:
  -h, --help                     Display this help message
  -q, --quiet                    Do not output any message
  -V, --version                  Display this application version
      --ansi                     Force ANSI output
      --no-ansi                  Disable ANSI output
  -n, --no-interaction           Do not ask any interactive question
      --profile                  Display timing and memory usage information
      --no-plugins               Whether to disable plugins.
  -d, --working-dir=WORKING-DIR  If specified, use the given directory as working directory.
  -v|vv|vvv, --verbose           Increase the verbosity of messages: 1 for normal output, 2 for more verbose output and 3 for debug

Available commands:
  about                Shows the short information about Composer.
  archive              Creates an archive of this composer package.
  browse               Opens the package's repository URL or homepage in your browser.
  check-platform-reqs  Check that platform requirements are satisfied.
  clear-cache          Clears composer's internal package cache.
  clearcache           Clears composer's internal package cache.
  config               Sets config options.
  create-project       Creates new project from a package into given directory.
  depends              Shows which packages cause the given package to be installed.
  diagnose             Diagnoses the system to identify common errors.
  dump-autoload        Dumps the autoloader.
  dumpautoload         Dumps the autoloader.
  exec                 Executes a vendored binary/script.
  global               Allows running commands in the global composer dir ($COMPOSER_HOME).
  help                 Displays help for a command
  home                 Opens the package's repository URL or homepage in your browser.
  i                    Installs the project dependencies from the composer.lock file if present, or falls back on the composer.json.
  info                 Shows information about packages.
  init                 Creates a basic composer.json file in current directory.
  install              Installs the project dependencies from the composer.lock file if present, or falls back on the composer.json.
  licenses             Shows information about licenses of dependencies.
  list                 Lists commands
  outdated             Shows a list of installed packages that have updates available, including their latest version.
  prohibits            Shows which packages prevent the given package from being installed.
  remove               Removes a package from the require or require-dev.
  require              Adds required packages to your composer.json and installs them.
  run-script           Runs the scripts defined in composer.json.
  search               Searches for packages.
  self-update          Updates composer.phar to the latest version.
  selfupdate           Updates composer.phar to the latest version.
  show                 Shows information about packages.
  status               Shows a list of locally modified packages, for packages installed from source.
  suggests             Shows package suggestions.
  u                    Upgrades your dependencies to the latest version according to composer.json, and updates the composer.lock file.
  update               Upgrades your dependencies to the latest version according to composer.json, and updates the composer.lock file.
  upgrade              Upgrades your dependencies to the latest version according to composer.json, and updates the composer.lock file.
  validate             Validates a composer.json and composer.lock.
  why                  Shows which packages cause the given package to be installed.
  why-not              Shows which packages prevent the given package from being installed.
PS C:\wamp64\www\PHP-Projects\UdemySymfony3> composer create-project symfony/framework-standard-edition autotrader "3.0.0"
Installing symfony/framework-standard-edition (v3.0.0)
  - Installing symfony/framework-standard-edition (v3.0.0): Downloading (100%)
Created project in autotrader
Loading composer repositories with package information
Installing dependencies (including require-dev) from lock file
Package operations: 31 installs, 0 updates, 0 removals
  - Installing doctrine/lexer (v1.0.1): Downloading (100%)
  - Installing doctrine/annotations (v1.2.7): Downloading (100%)
  - Installing twig/twig (v1.23.1): Downloading (100%)
  - Installing symfony/polyfill-util (v1.0.0): Downloading (100%)
  - Installing paragonie/random_compat (1.1.0): Downloading (100%)
  - Installing symfony/polyfill-php70 (v1.0.0): Downloading (100%)
  - Installing symfony/polyfill-php56 (v1.0.0): Downloading (100%)
  - Installing symfony/polyfill-mbstring (v1.0.0): Downloading (100%)
  - Installing symfony/symfony (v3.0.0): Downloading (100%)
  - Installing symfony/polyfill-intl-icu (v1.0.0): Downloading (100%)
  - Installing psr/log (1.0.0): Downloading (100%)
  - Installing doctrine/inflector (v1.1.0): Downloading (100%)
  - Installing doctrine/collections (v1.3.0): Downloading (100%)
  - Installing doctrine/cache (v1.5.1): Downloading (100%)
  - Installing doctrine/common (v2.5.1): Downloading (100%)
  - Installing jdorn/sql-formatter (v1.2.17): Downloading (100%)
  - Installing doctrine/doctrine-cache-bundle (1.2.2): Downloading (100%)
  - Installing doctrine/dbal (v2.5.2): Downloading (100%)
  - Installing doctrine/doctrine-bundle (1.6.0): Downloading (100%)
  - Installing doctrine/instantiator (1.0.5): Downloading (100%)
  - Installing doctrine/orm (v2.5.2): Downloading (100%)
  - Installing incenteev/composer-parameter-handler (v2.1.2): Downloading (100%)
  - Installing sensiolabs/security-checker (v3.0.2): Downloading (100%)
  - Installing sensio/distribution-bundle (v5.0.2): Downloading (100%)
  - Installing sensio/framework-extra-bundle (v3.0.11): Downloading (100%)
  - Installing monolog/monolog (1.17.2): Downloading (100%)
  - Installing symfony/monolog-bundle (v2.8.2): Downloading (100%)
  - Installing swiftmailer/swiftmailer (v5.4.1): Downloading (100%)
  - Installing symfony/swiftmailer-bundle (v2.3.9): Downloading (100%)
  - Installing sensio/generator-bundle (v3.0.0): Downloading (100%)
  - Installing symfony/phpunit-bridge (v2.8.0): Downloading (100%)
paragonie/random_compat suggests installing ext-libsodium (Provides a modern crypto API that can be used to generate random bytes.)
doctrine/doctrine-cache-bundle suggests installing symfony/security-acl (For using this bundle to cache ACLs)
sensio/framework-extra-bundle suggests installing symfony/psr-http-message-bridge (To use the PSR-7 converters)
monolog/monolog suggests installing aws/aws-sdk-php (Allow sending log messages to AWS services like DynamoDB)
monolog/monolog suggests installing doctrine/couchdb (Allow sending log messages to a CouchDB server)
monolog/monolog suggests installing ext-amqp (Allow sending log messages to an AMQP server (1.0+ required))
monolog/monolog suggests installing ext-mongo (Allow sending log messages to a MongoDB server)
monolog/monolog suggests installing graylog2/gelf-php (Allow sending log messages to a GrayLog2 server)
monolog/monolog suggests installing php-console/php-console (Allow sending log messages to Google Chrome)
monolog/monolog suggests installing raven/raven (Allow sending log messages to a Sentry server)
monolog/monolog suggests installing rollbar/rollbar (Allow sending log messages to Rollbar)
monolog/monolog suggests installing ruflin/elastica (Allow sending log messages to an Elastic Search server)
monolog/monolog suggests installing videlalvaro/php-amqplib (Allow sending log messages to an AMQP server using php-amqplib)
Generating autoload files
> Incenteev\ParameterHandler\ScriptHandler::buildParameters
Creating the "app/config/parameters.yml" file
Some parameters are missing. Please provide them.
database_host (127.0.0.1):
database_port (null):
database_name (symfony): autotrader
database_user (root): autotrader
database_password (null):
mailer_transport (smtp):
mailer_host (127.0.0.1):
mailer_user (null):
mailer_password (null):
secret (ThisTokenIsNotSoSecretChangeIt):
Deprecation Notice: The callback Sensio\Bundle\DistributionBundle\Composer\ScriptHandler::buildBootstrap declared at C:\wamp64\www\PHP-Projects\UdemySymfony3\autotrader\vendor\sensio\distribution-bundle\Composer\ScriptHandler.php accepts a Composer\Script\CommandEvent but post-install-cmd events use a Composer\Script\Event instance. Please adjust your type hint accordingly, see https://getcomposer.org/doc/articles/scripts.md#event-classes in phar://C:/ProgramData/ComposerSetup/bin/composer.phar/src/Composer/EventDispatcher/EventDispatcher.php:331
> Sensio\Bundle\DistributionBundle\Composer\ScriptHandler::buildBootstrap
Deprecation Notice: The callback Sensio\Bundle\DistributionBundle\Composer\ScriptHandler::clearCache declared at C:\wamp64\www\PHP-Projects\UdemySymfony3\autotrader\vendor\sensio\distribution-bundle\Composer\ScriptHandler.php accepts a Composer\Script\CommandEvent but post-install-cmd events use a Composer\Script\Event instance. Please adjust your type hint accordingly, see https://getcomposer.org/doc/articles/scripts.md#event-classes in phar://C:/ProgramData/ComposerSetup/bin/composer.phar/src/Composer/EventDispatcher/EventDispatcher.php:331
> Sensio\Bundle\DistributionBundle\Composer\ScriptHandler::clearCache

 // Clearing the cache for the dev environment with debug true


 [OK] Cache for the "dev" environment (debug=true) was successfully cleared.


Deprecation Notice: The callback Sensio\Bundle\DistributionBundle\Composer\ScriptHandler::installAssets declared at C:\wamp64\www\PHP-Projects\UdemySymfony3\autotrader\vendor\sensio\distribution-bundle\Composer\ScriptHandler.php accepts a Composer\Script\CommandEvent but post-install-cmd events use a Composer\Script\Event instance. Please adjust your type hint accordingly, see https://getcomposer.org/doc/articles/scripts.md#event-classes in phar://C:/ProgramData/ComposerSetup/bin/composer.phar/src/Composer/EventDispatcher/EventDispatcher.php:331
> Sensio\Bundle\DistributionBundle\Composer\ScriptHandler::installAssets

 Trying to install assets as relative symbolic links.

 --------- ----------------- ----------------
            Bundle            Method / Error
 --------- ----------------- ----------------
  WARNING   FrameworkBundle   copy
 --------- ----------------- ----------------

 ! [NOTE] Some assets were installed via copy. If you make changes to these assets you have to run this command again.


 [OK] All assets were successfully installed.


Deprecation Notice: The callback Sensio\Bundle\DistributionBundle\Composer\ScriptHandler::installRequirementsFile declared at C:\wamp64\www\PHP-Projects\UdemySymfony3\autotrader\vendor\sensio\distribution-bundle\Composer\ScriptHandler.php accepts a Composer\Script\CommandEvent but post-install-cmd events use a Composer\Script\Event instance. Please adjust your type hint accordingly, see https://getcomposer.org/doc/articles/scripts.md#event-classes in phar://C:/ProgramData/ComposerSetup/bin/composer.phar/src/Composer/EventDispatcher/EventDispatcher.php:331
> Sensio\Bundle\DistributionBundle\Composer\ScriptHandler::installRequirementsFile
Deprecation Notice: The callback Sensio\Bundle\DistributionBundle\Composer\ScriptHandler::prepareDeploymentTarget declared at C:\wamp64\www\PHP-Projects\UdemySymfony3\autotrader\vendor\sensio\distribution-bundle\Composer\ScriptHandler.php accepts a Composer\Script\CommandEvent but post-install-cmd events use a Composer\Script\Event instance. Please adjust your type hint accordingly, see https://getcomposer.org/doc/articles/scripts.md#event-classes in phar://C:/ProgramData/ComposerSetup/bin/composer.phar/src/Composer/EventDispatcher/EventDispatcher.php:331
> Sensio\Bundle\DistributionBundle\Composer\ScriptHandler::prepareDeploymentTarget
PS C:\wamp64\www\PHP-Projects\UdemySymfony3> cd .\autotrader\
PS C:\wamp64\www\PHP-Projects\UdemySymfony3\autotrader> php bin\console server:run

 [OK] Server running on http://127.0.0.1:8000

 // Quit the server with CONTROL-C.



  [Symfony\Component\Debug\Exception\ContextErrorException]
  Warning: count(): Parameter must be an array or an object that implements Countable



server:run [-p|--port PORT] [-d|--docroot DOCROOT] [-r|--router ROUTER] [-h|--help] [-q|--quiet] [-v|vv|vvv|--verbose] [-V|--version] [--ansi] [--no-ansi] [-n|--no-interaction] [-e|--env ENV] [--no-debug] [--] <command> [<address>]



Fatal error: Uncaught Symfony\Component\Debug\Exception\ContextErrorException: Warning: count(): Parameter must be an array or an object that implements Countable in C:\wamp64\www\PHP-Projects\UdemySymfony3\autotrader\vendor\symfony\symfony\src\Symfony\Component\Process\Pipes\WindowsPipes.php:221
Stack trace:
#0 [internal function]: Symfony\Component\Debug\ErrorHandler->handleError(2, 'count(): Parame...', 'C:\\wamp64\\www\\P...', 221, Array)
#1 C:\wamp64\www\PHP-Projects\UdemySymfony3\autotrader\vendor\symfony\symfony\src\Symfony\Component\Process\Pipes\WindowsPipes.php(221): count(NULL)
#2 C:\wamp64\www\PHP-Projects\UdemySymfony3\autotrader\vendor\symfony\symfony\src\Symfony\Component\Process\Pipes\WindowsPipes.php(112): Symfony\Component\Process\Pipes\WindowsPipes->write(false, false)
#3 C:\wamp64\www\PHP-Projects\UdemySymfony3\autotrader\vendor\symfony\symfony\src\Symfony\Component\Process\Process.php(1327): Symfony\Component\Process\Pipes\WindowsPipes->readAndWrite(false, false)
#4 C:\wamp64\www\PHP-Projects\UdemySym in C:\wamp64\www\PHP-Projects\UdemySymfony3\autotrader\vendor\symfony\symfony\src\Symfony\Component\Process\Pipes\WindowsPipes.php on line 221
PS C:\wamp64\www\PHP-Projects\UdemySymfony3\autotrader> php bin/console
Symfony version 3.0.0 - app/dev/debug

Usage:
  command [options] [arguments]

Options:
  -h, --help            Display this help message
  -q, --quiet           Do not output any message
  -V, --version         Display this application version
      --ansi            Force ANSI output
      --no-ansi         Disable ANSI output
  -n, --no-interaction  Do not ask any interactive question
  -e, --env=ENV         The Environment name. [default: "dev"]
      --no-debug        Switches off debug mode.
  -v|vv|vvv, --verbose  Increase the verbosity of messages: 1 for normal output, 2 for more verbose output and 3 for debug

Available commands:
  help                                    Displays help for a command
  list                                    Lists commands
 assets
  assets:install                          Installs bundles web assets under a public web directory
 cache
  cache:clear                             Clears the cache
  cache:warmup                            Warms up an empty cache
 config
  config:dump-reference                   Dumps the default configuration for an extension
 debug
  debug:config                            Dumps the current configuration for an extension
  debug:container                         Displays current services for an application
  debug:event-dispatcher                  Displays configured listeners for an application
  debug:router                            Displays current routes for an application
  debug:swiftmailer                       Displays current mailers for an application
  debug:translation                       Displays translation messages information
  debug:twig                              Shows a list of twig functions, filters, globals and tests
 doctrine
  doctrine:cache:clear-collection-region  Clear a second-level cache collection region.
  doctrine:cache:clear-entity-region      Clear a second-level cache entity region.
  doctrine:cache:clear-metadata           Clears all metadata cache for an entity manager
  doctrine:cache:clear-query              Clears all query cache for an entity manager
  doctrine:cache:clear-query-region       Clear a second-level cache query region.
  doctrine:cache:clear-result             Clears result cache for an entity manager
  doctrine:database:create                Creates the configured database
  doctrine:database:drop                  Drops the configured database
  doctrine:ensure-production-settings     Verify that Doctrine is properly configured for a production environment.
  doctrine:generate:crud                  Generates a CRUD based on a Doctrine entity
  doctrine:generate:entities              Generates entity classes and method stubs from your mapping information
  doctrine:generate:entity                Generates a new Doctrine entity inside a bundle
  doctrine:generate:form                  Generates a form type class based on a Doctrine entity
  doctrine:mapping:convert                Convert mapping information between supported formats.
  doctrine:mapping:import                 Imports mapping information from an existing database
  doctrine:mapping:info
  doctrine:query:dql                      Executes arbitrary DQL directly from the command line.
  doctrine:query:sql                      Executes arbitrary SQL directly from the command line.
  doctrine:schema:create                  Executes (or dumps) the SQL needed to generate the database schema
  doctrine:schema:drop                    Executes (or dumps) the SQL needed to drop the current database schema
  doctrine:schema:update                  Executes (or dumps) the SQL needed to update the database schema to match the current mapping metadata.
  doctrine:schema:validate                Validate the mapping files.
 generate
  generate:bundle                         Generates a bundle
  generate:command                        Generates a console command
  generate:controller                     Generates a controller
  generate:doctrine:crud                  Generates a CRUD based on a Doctrine entity
  generate:doctrine:entities              Generates entity classes and method stubs from your mapping information
  generate:doctrine:entity                Generates a new Doctrine entity inside a bundle
  generate:doctrine:form                  Generates a form type class based on a Doctrine entity
 lint
  lint:twig                               Lints a template and outputs encountered errors
  lint:yaml                               Lints a file and outputs encountered errors
 orm
  orm:convert:mapping                     Convert mapping information between supported formats.
 router
  router:match                            Helps debug routes by simulating a path info match
 security
  security:check                          Checks security issues in your project dependencies
  security:encode-password                Encodes a password.
 server
  server:run                              Runs PHP built-in web server
  server:start                            Starts PHP built-in web server in the background
  server:status                           Outputs the status of the built-in web server for the given address
  server:stop                             Stops PHP's built-in web server that was started with the server:start command
 swiftmailer
  swiftmailer:debug                       Displays current mailers for an application
  swiftmailer:email:send                  Send simple email message
  swiftmailer:spool:send                  Sends emails from the spool
 translation
  translation:update                      Updates the translation file
PS C:\wamp64\www\PHP-Projects\UdemySymfony3\autotrader> php bin/console cache:clear

 // Clearing the cache for the dev environment with debug true

 [OK] Cache for the "dev" environment (debug=true) was successfully cleared.

PS C:\wamp64\www\PHP-Projects\UdemySymfony3\autotrader> php bin/console cache:clear --help
Usage:
  cache:clear [options]

Options:
      --no-warmup            Do not warm up the cache
      --no-optional-warmers  Skip optional cache warmers (faster)
  -h, --help                 Display this help message
  -q, --quiet                Do not output any message
  -V, --version              Display this application version
      --ansi                 Force ANSI output
      --no-ansi              Disable ANSI output
  -n, --no-interaction       Do not ask any interactive question
  -e, --env=ENV              The Environment name. [default: "dev"]
      --no-debug             Switches off debug mode.
  -v|vv|vvv, --verbose       Increase the verbosity of messages: 1 for normal output, 2 for more verbose output and 3 for debug

Help:
 The cache:clear command clears the application cache for a given environment
 and debug mode:

   php bin/console cache:clear --env=dev
   php bin/console cache:clear --env=prod --no-debug
PS C:\wamp64\www\PHP-Projects\UdemySymfony3\autotrader> php bin/console cache:clear -e prod

 // Clearing the cache for the prod environment with debug false

Warning: count(): Parameter must be an array or an object that implements Countable in C:\wamp64\www\PHP-Projects\UdemySymfony3\autotrader\vendor\symfony\monolog-bundle\DependencyInjection\Configuration.php on line 594

Warning: session_cache_limiter(): Cannot change cache limiter when headers already sent in C:\wamp64\www\PHP-Projects\UdemySymfony3\autotrader\vendor\symfony\symfony\src\Symfony\Component\HttpFoundation\Session\Storage\NativeSessionStorage.php on line 100

Warning: ini_set(): Headers already sent. You cannot change the session module's ini settings at this time in C:\wamp64\www\PHP-Projects\UdemySymfony3\autotrader\vendor\symfony\symfony\src\Symfony\Component\HttpFoundation\Session\Storage\NativeSessionStorage.php on line 101

Warning: ini_set(): Headers already sent. You cannot change the session module's ini settings at this time in C:\wamp64\www\PHP-Projects\UdemySymfony3\autotrader\vendor\symfony\symfony\src\Symfony\Component\HttpFoundation\Session\Storage\NativeSessionStorage.php on line 323

Warning: ini_set(): Headers already sent. You cannot change the session module's ini settings at this time in C:\wamp64\www\PHP-Projects\UdemySymfony3\autotrader\vendor\symfony\symfony\src\Symfony\Component\HttpFoundation\Session\Storage\NativeSessionStorage.php on line 323

Warning: session_set_save_handler(): Cannot change save handler when headers already sent in C:\wamp64\www\PHP-Projects\UdemySymfony3\autotrader\vendor\symfony\symfony\src\Symfony\Component\HttpFoundation\Session\Storage\NativeSessionStorage.php on line 368

Warning: count(): Parameter must be an array or an object that implements Countable in C:\wamp64\www\PHP-Projects\UdemySymfony3\autotrader\vendor\twig\twig\lib\Twig\Node\Module.php on line 346

Warning: count(): Parameter must be an array or an object that implements Countable in C:\wamp64\www\PHP-Projects\UdemySymfony3\autotrader\vendor\twig\twig\lib\Twig\Node\Module.php on line 346

Warning: count(): Parameter must be an array or an object that implements Countable in C:\wamp64\www\PHP-Projects\UdemySymfony3\autotrader\vendor\twig\twig\lib\Twig\Node\Module.php on line 346

Warning: count(): Parameter must be an array or an object that implements Countable in C:\wamp64\www\PHP-Projects\UdemySymfony3\autotrader\vendor\twig\twig\lib\Twig\Node\Module.php on line 346

 [OK] Cache for the "prod" environment (debug=false) was successfully cleared.